// Jest Snapshot v1, https://goo.gl/fbAQLP

exports[`getByID function Should return a promise which resolves with an object 1`] = `undefined`;
